---
source: src/lib.rs
expression: ast
---
Document {
    body: [
        Node {
            node: Section(
                [
                    Node {
                        node: Heading {
                            level: 1,
                            body: [
                                Node {
                                    node: Text(
                                        "Header -- dashed",
                                    ),
                                    attributes: None,
                                },
                            ],
                        },
                        attributes: Some(
                            [
                                Attribute {
                                    kind: Attr(
                                        "some",
                                    ),
                                    value: String(
                                        "value",
                                    ),
                                },
                                Attribute {
                                    kind: Attr(
                                        "other",
                                    ),
                                    value: String(
                                        "value2",
                                    ),
                                },
                            ],
                        ),
                    },
                    Node {
                        node: Paragraph(
                            [
                                Node {
                                    node: Strong(
                                        [
                                            Node {
                                                node: Text(
                                                    "bold ",
                                                ),
                                                attributes: None,
                                            },
                                            Node {
                                                node: Italic(
                                                    [
                                                        Node {
                                                            node: Text(
                                                                "italic",
                                                            ),
                                                            attributes: None,
                                                        },
                                                    ],
                                                ),
                                                attributes: None,
                                            },
                                        ],
                                    ),
                                    attributes: None,
                                },
                                Node {
                                    node: Text(
                                        " and ",
                                    ),
                                    attributes: None,
                                },
                                Node {
                                    node: Link {
                                        href: "https://www.eons.io",
                                        body: [
                                            Node {
                                                node: Text(
                                                    "eons.io",
                                                ),
                                                attributes: None,
                                            },
                                        ],
                                    },
                                    attributes: None,
                                },
                                Node {
                                    node: Softbreak,
                                    attributes: None,
                                },
                            ],
                        ),
                        attributes: None,
                    },
                ],
            ),
            attributes: Some(
                [
                    Attribute {
                        kind: Class,
                        value: String(
                            "important",
                        ),
                    },
                ],
            ),
        },
        Node {
            node: Named {
                name: "warn",
                body: [
                    Node {
                        node: Paragraph(
                            [
                                Node {
                                    node: Italic(
                                        [
                                            Node {
                                                node: Text(
                                                    "Warning",
                                                ),
                                                attributes: None,
                                            },
                                        ],
                                    ),
                                    attributes: None,
                                },
                                Node {
                                    node: Softbreak,
                                    attributes: None,
                                },
                            ],
                        ),
                        attributes: None,
                    },
                ],
            },
            attributes: None,
        },
        Node {
            node: Code {
                language: Some(
                    "rust",
                ),
                body: "fn main() {\n  println!(\"Hello, world!\");\n}\n",
            },
            attributes: None,
        },
        Node {
            node: Block(
                [
                    Node {
                        node: Paragraph(
                            [
                                Node {
                                    node: Text(
                                        "With some ",
                                    ),
                                    attributes: None,
                                },
                                Node {
                                    node: Strong(
                                        [
                                            Node {
                                                node: Text(
                                                    "body",
                                                ),
                                                attributes: None,
                                            },
                                        ],
                                    ),
                                    attributes: None,
                                },
                                Node {
                                    node: Text(
                                        " and ",
                                    ),
                                    attributes: None,
                                },
                                Node {
                                    node: Italic(
                                        [
                                            Node {
                                                node: Text(
                                                    "italic",
                                                ),
                                                attributes: None,
                                            },
                                        ],
                                    ),
                                    attributes: None,
                                },
                                Node {
                                    node: Text(
                                        " content, and a ",
                                    ),
                                    attributes: None,
                                },
                                Node {
                                    node: Quoted(
                                        Double,
                                        [
                                            Node {
                                                node: Text(
                                                    "quoted",
                                                ),
                                                attributes: None,
                                            },
                                        ],
                                    ),
                                    attributes: None,
                                },
                                Node {
                                    node: Text(
                                        " ",
                                    ),
                                    attributes: None,
                                },
                                Node {
                                    node: Quoted(
                                        Single,
                                        [
                                            Node {
                                                node: Text(
                                                    "text",
                                                ),
                                                attributes: None,
                                            },
                                        ],
                                    ),
                                    attributes: None,
                                },
                                Node {
                                    node: Text(
                                        ", and <escaped>.",
                                    ),
                                    attributes: None,
                                },
                                Node {
                                    node: Softbreak,
                                    attributes: None,
                                },
                                Node {
                                    node: Text(
                                        " ",
                                    ),
                                    attributes: None,
                                },
                            ],
                        ),
                        attributes: None,
                    },
                ],
            ),
            attributes: None,
        },
    ],
}
