---
source: src/lib.rs
expression: vizualised
---
doc
  section class=important, 
    heading level=1 some=value, other=value2, 
      str text = "Header"
    p 
      strong
        str text = "bold "
        emph
          str text = "italic"
      str text = " "
      softbreak
    p 
      str text = "With some "
      strong
        str text = "body"
      str text = " and "
      emph
        str text = "italic"
      str text = " content, and a "quoted" 'text', and <escaped>."
      softbreak
      str text = " "
