---
source: src/lib.rs
expression: vizualised
---
doc
  section 
    heading level=1 some=value, other=value2, 
      str text = "Header"
    p 
      strong
        str text = "bold "
        emph
          str text = "italic"
      str text = " "
    p 
      str text = "With some "
      strong
        str text = "body"
      str text = " "
      str text = "and "
      emph
        str text = "italic"
      str text = " "
      str text = "content"
      str text = ","
      str text = " "
      str text = "and a "
      str text = """
      str text = "quoted"
      str text = """
      str text = " "
      str text = "'"
      str text = "text"
      str text = "'"
      softbreak
      str text = " "
