---
source: src/lib.rs
expression: ast
---
Document {
    metadata: Some(
        "\nmetadata = things\n",
    ),
    body: [
        Node {
            node: Section(
                [
                    Node {
                        node: Heading {
                            level: 1,
                            body: [
                                Node {
                                    node: Text(
                                        "Header",
                                    ),
                                    attributes: None,
                                },
                            ],
                        },
                        attributes: Some(
                            [
                                Attribute {
                                    kind: Attr(
                                        "some",
                                    ),
                                    value: String(
                                        "value",
                                    ),
                                },
                                Attribute {
                                    kind: Attr(
                                        "other",
                                    ),
                                    value: String(
                                        "value2",
                                    ),
                                },
                            ],
                        ),
                    },
                    Node {
                        node: Paragraph(
                            [
                                Node {
                                    node: Strong(
                                        [
                                            Node {
                                                node: Text(
                                                    "bold ",
                                                ),
                                                attributes: None,
                                            },
                                            Node {
                                                node: Italic(
                                                    [
                                                        Node {
                                                            node: Text(
                                                                "italic",
                                                            ),
                                                            attributes: None,
                                                        },
                                                    ],
                                                ),
                                                attributes: None,
                                            },
                                        ],
                                    ),
                                    attributes: None,
                                },
                                Node {
                                    node: Text(
                                        " and ",
                                    ),
                                    attributes: None,
                                },
                                Node {
                                    node: Link(
                                        [
                                            Node {
                                                node: Text(
                                                    "eons",
                                                ),
                                                attributes: None,
                                            },
                                            Node {
                                                node: Text(
                                                    ".",
                                                ),
                                                attributes: None,
                                            },
                                            Node {
                                                node: Text(
                                                    "io",
                                                ),
                                                attributes: None,
                                            },
                                        ],
                                    ),
                                    attributes: Some(
                                        [
                                            Attribute {
                                                kind: Href,
                                                value: String(
                                                    "https://www.eons.io",
                                                ),
                                            },
                                        ],
                                    ),
                                },
                                Node {
                                    node: Softbreak,
                                    attributes: None,
                                },
                            ],
                        ),
                        attributes: None,
                    },
                ],
            ),
            attributes: Some(
                [
                    Attribute {
                        kind: Class,
                        value: String(
                            "important",
                        ),
                    },
                ],
            ),
        },
        Node {
            node: Block(
                [
                    Node {
                        node: Paragraph(
                            [
                                Node {
                                    node: Text(
                                        "With some ",
                                    ),
                                    attributes: None,
                                },
                                Node {
                                    node: Strong(
                                        [
                                            Node {
                                                node: Text(
                                                    "body",
                                                ),
                                                attributes: None,
                                            },
                                        ],
                                    ),
                                    attributes: None,
                                },
                                Node {
                                    node: Text(
                                        " and ",
                                    ),
                                    attributes: None,
                                },
                                Node {
                                    node: Italic(
                                        [
                                            Node {
                                                node: Text(
                                                    "italic",
                                                ),
                                                attributes: None,
                                            },
                                        ],
                                    ),
                                    attributes: None,
                                },
                                Node {
                                    node: Text(
                                        " content, and a \"quoted\" 'text', and <escaped>.",
                                    ),
                                    attributes: None,
                                },
                                Node {
                                    node: Softbreak,
                                    attributes: None,
                                },
                                Node {
                                    node: Text(
                                        " ",
                                    ),
                                    attributes: None,
                                },
                            ],
                        ),
                        attributes: None,
                    },
                ],
            ),
            attributes: None,
        },
    ],
}
