---
source: src/parser.rs
expression: blocks
---
[
    Newline,
    Metadata(
        [
            Token {
                kind: Newline,
                len: 1,
            },
            Token {
                kind: Text,
                len: 8,
            },
            Token {
                kind: Whitespace(
                    Space,
                ),
                len: 1,
            },
            Token {
                kind: Equals,
                len: 1,
            },
            Token {
                kind: Whitespace(
                    Space,
                ),
                len: 1,
            },
            Token {
                kind: Text,
                len: 6,
            },
            Token {
                kind: Newline,
                len: 1,
            },
        ],
    ),
    Newline,
]
