---
source: src/parser.rs
expression: blocks
---
[
    Newline,
    Metadata(
        "\nmetadata = things\n",
    ),
    Newline,
    Comment {
        body: " comment ",
    },
    Newline,
    SimpleInline {
        name: "bold",
        body: TextBlock {
            body: [
                Text {
                    body: "bold",
                },
            ],
        },
    },
    Whitespace,
    Block {
        name: "h1",
        attributes: [
            Attribute {
                name: "some",
                value: String(
                    "value",
                ),
            },
        ],
        body: [],
    },
    Whitespace,
    Newline,
]
