---
source: src/parser.rs
expression: blocks
---
[
    Newline,
    Metadata(
        "\nmetadata = things\n",
    ),
    Block {
        name: "h1",
        attributes: [
            Attribute {
                name: "some",
                value: String(
                    "value",
                ),
            },
        ],
        body: [],
    },
    Whitespace,
    Newline,
]
