---
source: src/lib.rs
expression: ast
---
Document {
    metadata: Some(
        "\nmetadata = things\n",
    ),
    body: [
        Newline,
        Comment {
            body: " this is a comment",
        },
        Container {
            body: [
                SimpleInline {
                    name: "bold",
                    body: [
                        Text(
                            "bold ",
                        ),
                        SimpleInline {
                            name: "italic",
                            body: [
                                Text(
                                    "italic",
                                ),
                            ],
                        },
                    ],
                },
                Whitespace,
            ],
        },
        Newline,
        Block {
            name: "h1",
            attributes: [
                Attribute {
                    name: "some",
                    value: String(
                        "value",
                    ),
                },
                Attribute {
                    name: "other",
                    value: String(
                        "value2",
                    ),
                },
            ],
            body: [
                Text(
                    "Header",
                ),
            ],
        },
        Whitespace,
        Newline,
        Container {
            body: [
                Text(
                    "With a ",
                ),
                Inline {
                    name: "bold",
                    attributes: [],
                    body: [
                        Text(
                            "body",
                        ),
                    ],
                },
                Whitespace,
                Text(
                    "and ",
                ),
                SimpleInline {
                    name: "italic",
                    body: [
                        Text(
                            "italic",
                        ),
                    ],
                },
                Whitespace,
                Text(
                    "content",
                ),
            ],
        },
        Newline,
        Whitespace,
    ],
}
